#
# There is insufficient memory for the Java Runtime Environment to continue.
# Native memory allocation (malloc) failed to allocate 1884416 bytes. Error detail: Chunk::new
# Possible reasons:
#   The system is out of physical RAM or swap space
#   This process is running with CompressedOops enabled, and the Java Heap may be blocking the growth of the native heap
# Possible solutions:
#   Reduce memory load on the system
#   Increase physical memory or swap space
#   Check if swap backing store is full
#   Decrease Java heap size (-Xmx/-Xms)
#   Decrease number of Java threads
#   Decrease Java thread stack sizes (-Xss)
#   Set larger code cache with -XX:ReservedCodeCacheSize=
#   JVM is running with Unscaled Compressed Oops mode in which the Java heap is
#     placed in the first 4GB address space. The Java Heap base address is the
#     maximum limit for the native heap growth. Please use -XX:HeapBaseMinAddress
#     to set the Java Heap base and to place the Java Heap above 4GB virtual address.
# This output file may be truncated or incomplete.
#
#  Out of Memory Error (arena.cpp:168), pid=13788, tid=38236
#
# JRE version: OpenJDK Runtime Environment Temurin-21.0.10+7 (21.0.10+7) (build 21.0.10+7-LTS)
# Java VM: OpenJDK 64-Bit Server VM Temurin-21.0.10+7 (21.0.10+7-LTS, mixed mode, sharing, tiered, compressed oops, compressed class ptrs, parallel gc, windows-amd64)
# No core dump will be written. Minidumps are not enabled by default on client versions of Windows
#

---------------  S U M M A R Y ------------

Command Line: --add-modules=ALL-SYSTEM --add-opens=java.base/java.util=ALL-UNNAMED --add-opens=java.base/java.lang=ALL-UNNAMED --add-opens=java.base/sun.nio.fs=ALL-UNNAMED -Declipse.application=org.eclipse.jdt.ls.core.id1 -Dosgi.bundles.defaultStartLevel=4 -Declipse.product=org.eclipse.jdt.ls.core.product -Djava.import.generatesMetadataFilesAtProjectRoot=false -DDetectVMInstallationsJob.disabled=true -Dfile.encoding=utf8 -XX:+UseParallelGC -XX:GCTimeRatio=4 -XX:AdaptiveSizePolicyWeight=90 -Dsun.zip.disableMemoryMapping=true -Xmx2G -Xms100m -Xlog:disable -javaagent:c:\Users\odila\.windsurf\extensions\redhat.java-1.54.0-win32-x64\lombok\lombok-1.18.39-4050.jar -XX:+HeapDumpOnOutOfMemoryError -XX:HeapDumpPath=c:\Users\odila\AppData\Roaming\Windsurf\User\workspaceStorage\bf88fa9155c22e67b188877542c25c24\redhat.java -Daether.dependencyCollector.impl=bf c:\Users\odila\.windsurf\extensions\redhat.java-1.54.0-win32-x64\server\plugins\org.eclipse.equinox.launcher_1.7.100.v20251111-0406.jar -configuration c:\Users\odila\AppData\Roaming\Windsurf\User\globalStorage\redhat.java\1.54.0\config_win -data c:\Users\odila\AppData\Roaming\Windsurf\User\workspaceStorage\bf88fa9155c22e67b188877542c25c24\redhat.java\jdt_ws --pipe=\\.\pipe\lsp-c82bc0e8ece61e0f9c7bd0fda4bd6da7-sock

Host: AMD Ryzen 5 8645HS w/ Radeon 760M Graphics, 12 cores, 15G,  Windows 11 , 64 bit Build 26100 (10.0.26100.8246)
Time: Sun May 10 16:58:48 2026 elapsed time: 14.385628 seconds (0d 0h 0m 14s)

---------------  T H R E A D  ---------------

Current thread (0x000001d81ffc44a0):  JavaThread "C2 CompilerThread1" daemon [_thread_in_native, id=38236, stack(0x000000023e800000,0x000000023e900000) (1024K)]


Current CompileTask:
C2:14385 7777   !   4       lombok.core.FieldAugment$ReflectionFieldAugment::getAndSet (80 bytes)

Stack: [0x000000023e800000,0x000000023e900000]
Native frames: (J=compiled Java code, j=interpreted, Vv=VM code, C=native code)
V  [jvm.dll+0x6d7a39]
V  [jvm.dll+0x8b4b26]
V  [jvm.dll+0x8b70de]
V  [jvm.dll+0x8b77c3]
V  [jvm.dll+0x284346]
V  [jvm.dll+0xc66ed]
V  [jvm.dll+0xc6c31]
V  [jvm.dll+0x2fb29e]
V  [jvm.dll+0x5fe884]
V  [jvm.dll+0x255b17]
V  [jvm.dll+0x255edd]
V  [jvm.dll+0x24e500]
V  [jvm.dll+0x24ba42]
V  [jvm.dll+0x1cb34e]
V  [jvm.dll+0x25b85d]
V  [jvm.dll+0x259dea]
V  [jvm.dll+0x3f857e]
V  [jvm.dll+0x85f59d]
V  [jvm.dll+0x6d626d]
C  [ucrtbase.dll+0x37b0]
C  [KERNEL32.DLL+0x2e8d7]
C  [ntdll.dll+0x8c3fc]


---------------  P R O C E S S  ---------------

Threads class SMR info:
_java_thread_list=0x000001d82392dfd0, length=75, elements={
0x000001d7bee6e7c0, 0x000001d81a9b0290, 0x000001d81a9b3680, 0x000001d81a9b4670,
0x000001d81a9b72e0, 0x000001d81a9b9d50, 0x000001d81a9ba7b0, 0x000001d81a9bb5f0,
0x000001d81aa2b3b0, 0x000001d81abd5e90, 0x000001d81f0200d0, 0x000001d81f8ac370,
0x000001d81f9f7950, 0x000001d81fa13a80, 0x000001d81fabed80, 0x000001d81fd0d4a0,
0x000001d8200c9850, 0x000001d81ffc44a0, 0x000001d81fc2a430, 0x000001d81fc2be70,
0x000001d81fc29080, 0x000001d81fc29da0, 0x000001d81fc2b150, 0x000001d82046c0b0,
0x000001d81fc2c500, 0x000001d821f4af60, 0x000001d821f49520, 0x000001d821f4bc80,
0x000001d821f4c310, 0x000001d821f49bb0, 0x000001d821f48e90, 0x000001d821f4c9a0,
0x000001d821f4d030, 0x000001d821f4b5f0, 0x000001d821f4d6c0, 0x000001d821f4a8d0,
0x000001d821f4a240, 0x000001d821f504b0, 0x000001d821f4dd50, 0x000001d821f4e3e0,
0x000001d821f4f790, 0x000001d821f4ea70, 0x000001d821f4f100, 0x000001d821f4fe20,
0x000001d82152d400, 0x000001d82152ee40, 0x000001d82152da90, 0x000001d82152b9c0,
0x000001d82152f4d0, 0x000001d82152cd70, 0x000001d82152c050, 0x000001d82152fb60,
0x000001d82152c6e0, 0x000001d82152e120, 0x000001d821531c30, 0x000001d82152e7b0,
0x000001d8215322c0, 0x000001d821532950, 0x000001d821532fe0, 0x000001d81f7e4030,
0x000001d81f7e1f60, 0x000001d81f7e1240, 0x000001d81f7e18d0, 0x000001d81f7e3310,
0x000001d81f7e25f0, 0x000001d81f7e2c80, 0x000001d81f7e39a0, 0x000001d81f7e0bb0,
0x000001d81f7e6100, 0x000001d81f7e53e0, 0x000001d81f7e74b0, 0x000001d81f7e46c0,
0x000001d81f7e5a70, 0x000001d81f7e6790, 0x000001d81f7e6e20
}

Java Threads: ( => current thread )
  0x000001d7bee6e7c0 JavaThread "main"                              [_thread_blocked, id=21936, stack(0x000000023d900000,0x000000023da00000) (1024K)]
  0x000001d81a9b0290 JavaThread "Reference Handler"          daemon [_thread_blocked, id=20952, stack(0x000000023dd00000,0x000000023de00000) (1024K)]
  0x000001d81a9b3680 JavaThread "Finalizer"                  daemon [_thread_blocked, id=14428, stack(0x000000023de00000,0x000000023df00000) (1024K)]
  0x000001d81a9b4670 JavaThread "Signal Dispatcher"          daemon [_thread_blocked, id=20828, stack(0x000000023df00000,0x000000023e000000) (1024K)]
  0x000001d81a9b72e0 JavaThread "Attach Listener"            daemon [_thread_blocked, id=12732, stack(0x000000023e000000,0x000000023e100000) (1024K)]
  0x000001d81a9b9d50 JavaThread "Service Thread"             daemon [_thread_blocked, id=17744, stack(0x000000023e100000,0x000000023e200000) (1024K)]
  0x000001d81a9ba7b0 JavaThread "Monitor Deflation Thread"   daemon [_thread_blocked, id=33048, stack(0x000000023e200000,0x000000023e300000) (1024K)]
  0x000001d81a9bb5f0 JavaThread "C2 CompilerThread0"         daemon [_thread_in_native, id=26608, stack(0x000000023e300000,0x000000023e400000) (1024K)]
  0x000001d81aa2b3b0 JavaThread "C1 CompilerThread0"         daemon [_thread_blocked, id=12316, stack(0x000000023e400000,0x000000023e500000) (1024K)]
  0x000001d81abd5e90 JavaThread "Common-Cleaner"             daemon [_thread_blocked, id=33536, stack(0x000000023e500000,0x000000023e600000) (1024K)]
  0x000001d81f0200d0 JavaThread "Notification Thread"        daemon [_thread_blocked, id=21112, stack(0x000000023e700000,0x000000023e800000) (1024K)]
  0x000001d81f8ac370 JavaThread "Active Thread: Equinox Container: fedb1f92-2f42-44c4-a0cc-f665dbecf9b2"        [_thread_blocked, id=28656, stack(0x000000023ef00000,0x000000023f000000) (1024K)]
  0x000001d81f9f7950 JavaThread "Refresh Thread: Equinox Container: fedb1f92-2f42-44c4-a0cc-f665dbecf9b2" daemon [_thread_blocked, id=2604, stack(0x000000023f100000,0x000000023f200000) (1024K)]
  0x000001d81fa13a80 JavaThread "Framework Event Dispatcher: Equinox Container: fedb1f92-2f42-44c4-a0cc-f665dbecf9b2" daemon [_thread_blocked, id=13784, stack(0x000000023f200000,0x000000023f300000) (1024K)]
  0x000001d81fabed80 JavaThread "Start Level: Equinox Container: fedb1f92-2f42-44c4-a0cc-f665dbecf9b2" daemon [_thread_blocked, id=9008, stack(0x000000023f300000,0x000000023f400000) (1024K)]
  0x000001d81fd0d4a0 JavaThread "Bundle File Closer"         daemon [_thread_blocked, id=22044, stack(0x000000023f600000,0x000000023f700000) (1024K)]
  0x000001d8200c9850 JavaThread "SCR Component Actor"        daemon [_thread_blocked, id=29000, stack(0x000000023e600000,0x000000023e700000) (1024K)]
=>0x000001d81ffc44a0 JavaThread "C2 CompilerThread1"         daemon [_thread_in_native, id=38236, stack(0x000000023e800000,0x000000023e900000) (1024K)]
  0x000001d81fc2a430 JavaThread "Worker-JM"                         [_thread_blocked, id=27904, stack(0x000000023f800000,0x000000023f900000) (1024K)]
  0x000001d81fc2be70 JavaThread "JNA Cleaner"                daemon [_thread_blocked, id=35500, stack(0x000000023f700000,0x000000023f800000) (1024K)]
  0x000001d81fc29080 JavaThread "Worker-0"                          [_thread_blocked, id=29888, stack(0x000000023f900000,0x000000023fa00000) (1024K)]
  0x000001d81fc29da0 JavaThread "Worker-1"                          [_thread_blocked, id=15544, stack(0x000000023fa00000,0x000000023fb00000) (1024K)]
  0x000001d81fc2b150 JavaThread "Worker-2"                          [_thread_blocked, id=26272, stack(0x000000023fb00000,0x000000023fc00000) (1024K)]
  0x000001d82046c0b0 JavaThread "C2 CompilerThread2"         daemon [_thread_in_native, id=29948, stack(0x000000023fc00000,0x000000023fd00000) (1024K)]
  0x000001d81fc2c500 JavaThread "Java indexing"              daemon [_thread_blocked, id=12560, stack(0x000000023fd00000,0x000000023fe00000) (1024K)]
  0x000001d821f4af60 JavaThread "Worker-3: Building"                [_thread_in_vm, id=29192, stack(0x000000023fe00000,0x000000023ff00000) (1024K)]
  0x000001d821f49520 JavaThread "Thread-1"                   daemon [_thread_in_native, id=18348, stack(0x0000000240100000,0x0000000240200000) (1024K)]
  0x000001d821f4bc80 JavaThread "Thread-2"                   daemon [_thread_in_native, id=29404, stack(0x0000000240200000,0x0000000240300000) (1024K)]
  0x000001d821f4c310 JavaThread "Thread-3"                   daemon [_thread_in_native, id=7808, stack(0x0000000240300000,0x0000000240400000) (1024K)]
  0x000001d821f49bb0 JavaThread "Thread-4"                   daemon [_thread_in_native, id=32348, stack(0x0000000240400000,0x0000000240500000) (1024K)]
  0x000001d821f48e90 JavaThread "Thread-5"                   daemon [_thread_in_native, id=26768, stack(0x0000000240500000,0x0000000240600000) (1024K)]
  0x000001d821f4c9a0 JavaThread "Thread-6"                   daemon [_thread_in_native, id=6544, stack(0x0000000240600000,0x0000000240700000) (1024K)]
  0x000001d821f4d030 JavaThread "Thread-7"                   daemon [_thread_in_native, id=24672, stack(0x0000000240700000,0x0000000240800000) (1024K)]
  0x000001d821f4b5f0 JavaThread "Thread-8"                   daemon [_thread_in_native, id=37300, stack(0x0000000240800000,0x0000000240900000) (1024K)]
  0x000001d821f4d6c0 JavaThread "Thread-9"                   daemon [_thread_in_native, id=31112, stack(0x0000000240900000,0x0000000240a00000) (1024K)]
  0x000001d821f4a8d0 JavaThread "Thread-10"                  daemon [_thread_in_native, id=29732, stack(0x0000000240a00000,0x0000000240b00000) (1024K)]
  0x000001d821f4a240 JavaThread "Thread-11"                  daemon [_thread_in_native, id=17512, stack(0x0000000240b00000,0x0000000240c00000) (1024K)]
  0x000001d821f504b0 JavaThread "Thread-12"                  daemon [_thread_in_native, id=38584, stack(0x0000000240c00000,0x0000000240d00000) (1024K)]
  0x000001d821f4dd50 JavaThread "Thread-13"                  daemon [_thread_in_native, id=37792, stack(0x0000000240d00000,0x0000000240e00000) (1024K)]
  0x000001d821f4e3e0 JavaThread "pool-2-thread-1"                   [_thread_blocked, id=24912, stack(0x0000000240e00000,0x0000000240f00000) (1024K)]
  0x000001d821f4f790 JavaThread "WorkspaceEventsHandler"            [_thread_blocked, id=8772, stack(0x0000000240f00000,0x0000000241000000) (1024K)]
  0x000001d821f4ea70 JavaThread "pool-1-thread-1"                   [_thread_blocked, id=21008, stack(0x0000000241000000,0x0000000241100000) (1024K)]
  0x000001d821f4f100 JavaThread "ForkJoinPool.commonPool-worker-1" daemon [_thread_blocked, id=35204, stack(0x0000000241100000,0x0000000241200000) (1024K)]
  0x000001d821f4fe20 JavaThread "ForkJoinPool.commonPool-worker-2" daemon [_thread_blocked, id=20528, stack(0x0000000241200000,0x0000000241300000) (1024K)]
  0x000001d82152d400 JavaThread "ForkJoinPool.commonPool-worker-3" daemon [_thread_blocked, id=15812, stack(0x0000000241300000,0x0000000241400000) (1024K)]
  0x000001d82152ee40 JavaThread "ForkJoinPool.commonPool-worker-4" daemon [_thread_blocked, id=4704, stack(0x0000000241400000,0x0000000241500000) (1024K)]
  0x000001d82152da90 JavaThread "ForkJoinPool.commonPool-worker-5" daemon [_thread_blocked, id=27644, stack(0x0000000241500000,0x0000000241600000) (1024K)]
  0x000001d82152b9c0 JavaThread "ForkJoinPool.commonPool-worker-6" daemon [_thread_blocked, id=9076, stack(0x0000000241600000,0x0000000241700000) (1024K)]
  0x000001d82152f4d0 JavaThread "ForkJoinPool.commonPool-worker-7" daemon [_thread_blocked, id=30300, stack(0x0000000241700000,0x0000000241800000) (1024K)]
  0x000001d82152cd70 JavaThread "ForkJoinPool.commonPool-worker-8" daemon [_thread_blocked, id=31320, stack(0x0000000241800000,0x0000000241900000) (1024K)]
  0x000001d82152c050 JavaThread "ForkJoinPool.commonPool-worker-9" daemon [_thread_blocked, id=38356, stack(0x0000000241900000,0x0000000241a00000) (1024K)]
  0x000001d82152fb60 JavaThread "ForkJoinPool.commonPool-worker-10" daemon [_thread_blocked, id=19148, stack(0x0000000241a00000,0x0000000241b00000) (1024K)]
  0x000001d82152c6e0 JavaThread "ForkJoinPool.commonPool-worker-11" daemon [_thread_blocked, id=15892, stack(0x0000000241b00000,0x0000000241c00000) (1024K)]
  0x000001d82152e120 JavaThread "LocalFile Deleter"          daemon [_thread_blocked, id=21348, stack(0x0000000241c00000,0x0000000241d00000) (1024K)]
  0x000001d821531c30 JavaThread "LocalFile Deleter"          daemon [_thread_blocked, id=13940, stack(0x0000000241d00000,0x0000000241e00000) (1024K)]
  0x000001d82152e7b0 JavaThread "LocalFile Deleter"          daemon [_thread_blocked, id=24936, stack(0x0000000241e00000,0x0000000241f00000) (1024K)]
  0x000001d8215322c0 JavaThread "LocalFile Deleter"          daemon [_thread_blocked, id=24972, stack(0x0000000241f00000,0x0000000242000000) (1024K)]
  0x000001d821532950 JavaThread "LocalFile Deleter"          daemon [_thread_blocked, id=36960, stack(0x0000000242000000,0x0000000242100000) (1024K)]
  0x000001d821532fe0 JavaThread "LocalFile Deleter"          daemon [_thread_blocked, id=36172, stack(0x0000000242100000,0x0000000242200000) (1024K)]
  0x000001d81f7e4030 JavaThread "LocalFile Deleter"          daemon [_thread_blocked, id=35876, stack(0x0000000242200000,0x0000000242300000) (1024K)]
  0x000001d81f7e1f60 JavaThread "LocalFile Deleter"          daemon [_thread_blocked, id=27484, stack(0x0000000242300000,0x0000000242400000) (1024K)]
  0x000001d81f7e1240 JavaThread "LocalFile Deleter"          daemon [_thread_blocked, id=34512, stack(0x0000000242400000,0x0000000242500000) (1024K)]
  0x000001d81f7e18d0 JavaThread "LocalFile Deleter"          daemon [_thread_blocked, id=36280, stack(0x0000000242500000,0x0000000242600000) (1024K)]
  0x000001d81f7e3310 JavaThread "LocalFile Deleter"          daemon [_thread_blocked, id=34536, stack(0x0000000242600000,0x0000000242700000) (1024K)]
  0x000001d81f7e25f0 JavaThread "LocalFile Deleter"          daemon [_thread_blocked, id=14312, stack(0x0000000242700000,0x0000000242800000) (1024K)]
  0x000001d81f7e2c80 JavaThread "Compiler Source File Reader" daemon [_thread_blocked, id=35748, stack(0x0000000242800000,0x0000000242900000) (1024K)]
  0x000001d81f7e39a0 JavaThread "Compiler Source File Reader" daemon [_thread_blocked, id=35564, stack(0x0000000242900000,0x0000000242a00000) (1024K)]
  0x000001d81f7e0bb0 JavaThread "Compiler Source File Reader" daemon [_thread_blocked, id=24508, stack(0x0000000242a00000,0x0000000242b00000) (1024K)]
  0x000001d81f7e6100 JavaThread "Compiler Source File Reader" daemon [_thread_blocked, id=28324, stack(0x0000000242b00000,0x0000000242c00000) (1024K)]
  0x000001d81f7e53e0 JavaThread "Compiler Source File Reader" daemon [_thread_blocked, id=1980, stack(0x0000000242c00000,0x0000000242d00000) (1024K)]
  0x000001d81f7e74b0 JavaThread "Compiler Source File Reader" daemon [_thread_blocked, id=23720, stack(0x0000000242d00000,0x0000000242e00000) (1024K)]
  0x000001d81f7e46c0 JavaThread "Compiler Source File Reader" daemon [_thread_blocked, id=20724, stack(0x0000000242e00000,0x0000000242f00000) (1024K)]
  0x000001d81f7e5a70 JavaThread "Compiler Source File Reader" daemon [_thread_blocked, id=13412, stack(0x0000000242f00000,0x0000000243000000) (1024K)]
  0x000001d81f7e6790 JavaThread "Compiler Source File Reader" daemon [_thread_blocked, id=33976, stack(0x0000000243000000,0x0000000243100000) (1024K)]
  0x000001d81f7e6e20 JavaThread "Compiler Source File Reader" daemon [_thread_blocked, id=26516, stack(0x0000000243100000,0x0000000243200000) (1024K)]
Total: 75

Other Threads:
  0x000001d7bef2e8b0 VMThread "VM Thread"                           [id=27900, stack(0x000000023dc00000,0x000000023dd00000) (1024K)]
  0x000001d7beedca40 WatcherThread "VM Periodic Task Thread"        [id=15224, stack(0x000000023db00000,0x000000023dc00000) (1024K)]
  0x000001d7bee8cd50 WorkerThread "GC Thread#0"                     [id=30236, stack(0x000000023da00000,0x000000023db00000) (1024K)]
  0x000001d81f650ae0 WorkerThread "GC Thread#1"                     [id=25220, stack(0x000000023e900000,0x000000023ea00000) (1024K)]
  0x000001d81fac0710 WorkerThread "GC Thread#2"                     [id=25308, stack(0x000000023ea00000,0x000000023eb00000) (1024K)]
  0x000001d81fac0ac0 WorkerThread "GC Thread#3"                     [id=18256, stack(0x000000023eb00000,0x000000023ec00000) (1024K)]
  0x000001d81f9727e0 WorkerThread "GC Thread#4"                     [id=38776, stack(0x000000023ec00000,0x000000023ed00000) (1024K)]
  0x000001d81f972b90 WorkerThread "GC Thread#5"                     [id=37508, stack(0x000000023ed00000,0x000000023ee00000) (1024K)]
  0x000001d81f973a50 WorkerThread "GC Thread#6"                     [id=29764, stack(0x000000023ee00000,0x000000023ef00000) (1024K)]
  0x000001d81f972080 WorkerThread "GC Thread#7"                     [id=20316, stack(0x000000023f000000,0x000000023f100000) (1024K)]
  0x000001d81f9732f0 WorkerThread "GC Thread#8"                     [id=784, stack(0x000000023f400000,0x000000023f500000) (1024K)]
  0x000001d81f972430 WorkerThread "GC Thread#9"                     [id=4640, stack(0x000000023f500000,0x000000023f600000) (1024K)]
Total: 12

Threads with active compile tasks:
C2 CompilerThread0  14427 8131   !   4       org.eclipse.jdt.internal.core.builder.ClasspathMultiReleaseJar::findClass (222 bytes)
C2 CompilerThread1  14427 7777   !   4       lombok.core.FieldAugment$ReflectionFieldAugment::getAndSet (80 bytes)
C2 CompilerThread2  14427 7778       4       lombok.eclipse.handlers.EclipseHandlerUtil::setGeneratedBy (10 bytes)
Total: 3

VM state: not at safepoint (normal execution)

VM Mutex/Monitor currently owned by a thread: None

Heap address: 0x0000000080000000, size: 2048 MB, Compressed Oops mode: 32-bit

CDS archive(s) mapped at: [0x000001d7d8000000-0x000001d7d8ba0000-0x000001d7d8ba0000), size 12189696, SharedBaseAddress: 0x000001d7d8000000, ArchiveRelocationMode: 1.
Compressed class space mapped at: 0x000001d7d9000000-0x000001d819000000, reserved size: 1073741824
Narrow klass base: 0x000001d7d8000000, Narrow klass shift: 0, Narrow klass range: 0x100000000

GC Precious Log:
 CardTable entry size: 512
 CPUs: 12 total, 12 available
 Memory: 15631M
 Large Page Support: Disabled
 NUMA Support: Disabled
 Compressed Oops: Enabled (32-bit)
 Alignments: Space 512K, Generation 512K, Heap 2M
 Heap Min Capacity: 100M
 Heap Initial Capacity: 100M
 Heap Max Capacity: 2G
 Pre-touch: Disabled
 Parallel Workers: 10

Heap:
 PSYoungGen      total 11264K, used 9378K [0x00000000d5580000, 0x00000000d6300000, 0x0000000100000000)
  eden space 10240K, 82% used [0x00000000d5580000,0x00000000d5db4b88,0x00000000d5f80000)
  from space 1024K, 96% used [0x00000000d6200000,0x00000000d62f8000,0x00000000d6300000)
  to   space 1536K, 0% used [0x00000000d6000000,0x00000000d6000000,0x00000000d6180000)
 ParOldGen       total 68608K, used 65548K [0x0000000080000000, 0x0000000084300000, 0x00000000d5580000)
  object space 68608K, 95% used [0x0000000080000000,0x0000000084003208,0x0000000084300000)
 Metaspace       used 55005K, committed 56320K, reserved 1114112K
  class space    used 5955K, committed 6528K, reserved 1048576K

Card table byte_map: [0x000001d7d2be0000,0x000001d7d2ff0000] _byte_map_base: 0x000001d7d27e0000

Marking Bits: (ParMarkBitMap*) 0x00007ffda1a33450
 Begin Bits: [0x000001d7d32a0000, 0x000001d7d52a0000)
 End Bits:   [0x000001d7d52a0000, 0x000001d7d72a0000)

Polling page: 0x000001d7bef30000

Metaspace:

Usage:
  Non-class:     47.90 MB used.
      Class:      5.82 MB used.
       Both:     53.72 MB used.

Virtual space:
  Non-class space:       64.00 MB reserved,      48.62 MB ( 76%) committed,  1 nodes.
      Class space:        1.00 GB reserved,       6.38 MB ( <1%) committed,  1 nodes.
             Both:        1.06 GB reserved,      55.00 MB (  5%) committed. 

Chunk freelists:
   Non-Class:  15.41 MB
       Class:  9.51 MB
        Both:  24.92 MB

MaxMetaspaceSize: unlimited
CompressedClassSpaceSize: 1.00 GB
Initial GC threshold: 21.00 MB
Current GC threshold: 58.38 MB
CDS: on
 - commit_granule_bytes: 65536.
 - commit_granule_words: 8192.
 - virtual_space_node_default_size: 8388608.
 - enlarge_chunks_in_place: 1.
 - use_allocation_guard: 0.


Internal statistics:

num_allocs_failed_limit: 8.
num_arena_births: 1078.
num_arena_deaths: 14.
num_vsnodes_births: 2.
num_vsnodes_deaths: 0.
num_space_committed: 880.
num_space_uncommitted: 0.
num_chunks_returned_to_freelist: 22.
num_chunks_taken_from_freelist: 3624.
num_chunk_merges: 6.
num_chunk_splits: 2239.
num_chunks_enlarged: 1280.
num_inconsistent_stats: 0.

CodeHeap 'non-profiled nmethods': size=120000Kb used=4240Kb max_used=4240Kb free=115759Kb
 bounds [0x000001d7cb4d0000, 0x000001d7cb900000, 0x000001d7d2a00000]
CodeHeap 'profiled nmethods': size=120000Kb used=16320Kb max_used=16320Kb free=103679Kb
 bounds [0x000001d7c3a00000, 0x000001d7c4a00000, 0x000001d7caf30000]
CodeHeap 'non-nmethods': size=5760Kb used=1407Kb max_used=1450Kb free=4352Kb
 bounds [0x000001d7caf30000, 0x000001d7cb1a0000, 0x000001d7cb4d0000]
CodeCache: size=245760Kb, used=21967Kb, max_used=22010Kb, free=223790Kb
 total_blobs=8288, nmethods=7587, adapters=607, full_count=0
Compilation: enabled, stopped_count=0, restarted_count=0

Compilation events (20 events):
Event: 13.371 Thread 0x000001d81aa2b3b0 nmethod 8148 0x000001d7c49c5090 code [0x000001d7c49c53a0, 0x000001d7c49c6710]
Event: 13.371 Thread 0x000001d81aa2b3b0 8144       3       org.eclipse.jdt.internal.compiler.lookup.PackageBinding::addNotFoundPackage (23 bytes)
Event: 13.371 Thread 0x000001d81aa2b3b0 nmethod 8144 0x000001d7c49c6e10 code [0x000001d7c49c6fc0, 0x000001d7c49c71d8]
Event: 13.371 Thread 0x000001d81aa2b3b0 8147       3       org.eclipse.jdt.internal.compiler.lookup.PackageBinding::getTypeOrPackage (368 bytes)
Event: 13.373 Thread 0x000001d81aa2b3b0 nmethod 8147 0x000001d7c49c7310 code [0x000001d7c49c77a0, 0x000001d7c49ca138]
Event: 13.373 Thread 0x000001d81aa2b3b0 8151       3       org.eclipse.jdt.internal.compiler.lookup.CompilationUnitScope::recordReference (21 bytes)
Event: 13.373 Thread 0x000001d81a9bb5f0 nmethod 8089 0x000001d7cb8f1690 code [0x000001d7cb8f1880, 0x000001d7cb8f2358]
Event: 13.373 Thread 0x000001d81a9bb5f0 8119       4       org.eclipse.jdt.internal.compiler.util.CharArrayMap::get (38 bytes)
Event: 13.374 Thread 0x000001d81aa2b3b0 nmethod 8151 0x000001d7c49cab10 code [0x000001d7c49cad00, 0x000001d7c49cb078]
Event: 13.374 Thread 0x000001d81aa2b3b0 8150       3       org.eclipse.jdt.internal.compiler.lookup.TypeBinding::isLocalType (17 bytes)
Event: 13.374 Thread 0x000001d81aa2b3b0 nmethod 8150 0x000001d7c49cb210 code [0x000001d7c49cb3c0, 0x000001d7c49cb540]
Event: 13.374 Thread 0x000001d81aa2b3b0 8149       3       org.eclipse.jdt.internal.compiler.lookup.BinaryTypeBinding::resolveType (207 bytes)
Event: 13.374 Thread 0x000001d81aa2b3b0 nmethod 8149 0x000001d7c49cb610 code [0x000001d7c49cb8e0, 0x000001d7c49cc930]
Event: 13.374 Thread 0x000001d81aa2b3b0 8152       3       org.eclipse.jdt.internal.core.builder.BuildNotifier::checkCancel (104 bytes)
Event: 13.375 Thread 0x000001d81aa2b3b0 nmethod 8152 0x000001d7c49ccd90 code [0x000001d7c49ccfe0, 0x000001d7c49cd868]
Event: 13.375 Thread 0x000001d81aa2b3b0 8154       3       org.eclipse.jdt.internal.core.builder.ClasspathJrt::findClass (25 bytes)
Event: 13.375 Thread 0x000001d81aa2b3b0 nmethod 8154 0x000001d7c49cdb10 code [0x000001d7c49cdce0, 0x000001d7c49cdf90]
Event: 13.375 Thread 0x000001d81aa2b3b0 8155   !   3       org.eclipse.jdt.internal.core.builder.ClasspathJrtWithReleaseOption::findClass (255 bytes)
Event: 13.375 Thread 0x000001d81a9bb5f0 nmethod 8119 0x000001d7cb8f2890 code [0x000001d7cb8f2a20, 0x000001d7cb8f2c38]
Event: 13.375 Thread 0x000001d81a9bb5f0 8115       4       jdk.internal.util.ArraysSupport::mismatch (72 bytes)

GC Heap History (20 events):
Event: 8.922 GC heap before
{Heap before GC invocations=37 (full 2):
 PSYoungGen      total 11264K, used 10872K [0x00000000d5580000, 0x00000000d6400000, 0x0000000100000000)
  eden space 10240K, 100% used [0x00000000d5580000,0x00000000d5f80000,0x00000000d5f80000)
  from space 1024K, 61% used [0x00000000d6300000,0x00000000d639e2e8,0x00000000d6400000)
  to   space 1024K, 0% used [0x00000000d6200000,0x00000000d6200000,0x00000000d6300000)
 ParOldGen       total 68608K, used 55467K [0x0000000080000000, 0x0000000084300000, 0x00000000d5580000)
  object space 68608K, 80% used [0x0000000080000000,0x000000008362adc0,0x0000000084300000)
 Metaspace       used 50961K, committed 52096K, reserved 1114112K
  class space    used 5579K, committed 6080K, reserved 1048576K
}
Event: 8.923 GC heap after
{Heap after GC invocations=37 (full 2):
 PSYoungGen      total 11264K, used 656K [0x00000000d5580000, 0x00000000d6380000, 0x0000000100000000)
  eden space 10240K, 0% used [0x00000000d5580000,0x00000000d5580000,0x00000000d5f80000)
  from space 1024K, 64% used [0x00000000d6200000,0x00000000d62a43c8,0x00000000d6300000)
  to   space 512K, 0% used [0x00000000d6300000,0x00000000d6300000,0x00000000d6380000)
 ParOldGen       total 68608K, used 55945K [0x0000000080000000, 0x0000000084300000, 0x00000000d5580000)
  object space 68608K, 81% used [0x0000000080000000,0x00000000836a2568,0x0000000084300000)
 Metaspace       used 50961K, committed 52096K, reserved 1114112K
  class space    used 5579K, committed 6080K, reserved 1048576K
}
Event: 9.046 GC heap before
{Heap before GC invocations=38 (full 2):
 PSYoungGen      total 11264K, used 10896K [0x00000000d5580000, 0x00000000d6380000, 0x0000000100000000)
  eden space 10240K, 100% used [0x00000000d5580000,0x00000000d5f80000,0x00000000d5f80000)
  from space 1024K, 64% used [0x00000000d6200000,0x00000000d62a43c8,0x00000000d6300000)
  to   space 512K, 0% used [0x00000000d6300000,0x00000000d6300000,0x00000000d6380000)
 ParOldGen       total 68608K, used 55945K [0x0000000080000000, 0x0000000084300000, 0x00000000d5580000)
  object space 68608K, 81% used [0x0000000080000000,0x00000000836a2568,0x0000000084300000)
 Metaspace       used 51254K, committed 52480K, reserved 1114112K
  class space    used 5640K, committed 6144K, reserved 1048576K
}
Event: 9.047 GC heap after
{Heap after GC invocations=38 (full 2):
 PSYoungGen      total 10752K, used 384K [0x00000000d5580000, 0x00000000d6380000, 0x0000000100000000)
  eden space 10240K, 0% used [0x00000000d5580000,0x00000000d5580000,0x00000000d5f80000)
  from space 512K, 75% used [0x00000000d6300000,0x00000000d6360000,0x00000000d6380000)
  to   space 512K, 0% used [0x00000000d6280000,0x00000000d6280000,0x00000000d6300000)
 ParOldGen       total 68608K, used 56496K [0x0000000080000000, 0x0000000084300000, 0x00000000d5580000)
  object space 68608K, 82% used [0x0000000080000000,0x000000008372c1f8,0x0000000084300000)
 Metaspace       used 51254K, committed 52480K, reserved 1114112K
  class space    used 5640K, committed 6144K, reserved 1048576K
}
Event: 9.264 GC heap before
{Heap before GC invocations=39 (full 2):
 PSYoungGen      total 10752K, used 10577K [0x00000000d5580000, 0x00000000d6380000, 0x0000000100000000)
  eden space 10240K, 99% used [0x00000000d5580000,0x00000000d5f745b0,0x00000000d5f80000)
  from space 512K, 75% used [0x00000000d6300000,0x00000000d6360000,0x00000000d6380000)
  to   space 512K, 0% used [0x00000000d6280000,0x00000000d6280000,0x00000000d6300000)
 ParOldGen       total 68608K, used 56496K [0x0000000080000000, 0x0000000084300000, 0x00000000d5580000)
  object space 68608K, 82% used [0x0000000080000000,0x000000008372c1f8,0x0000000084300000)
 Metaspace       used 51879K, committed 53056K, reserved 1114112K
  class space    used 5698K, committed 6208K, reserved 1048576K
}
Event: 9.265 GC heap after
{Heap after GC invocations=39 (full 2):
 PSYoungGen      total 10752K, used 352K [0x00000000d5580000, 0x00000000d6380000, 0x0000000100000000)
  eden space 10240K, 0% used [0x00000000d5580000,0x00000000d5580000,0x00000000d5f80000)
  from space 512K, 68% used [0x00000000d6280000,0x00000000d62d8000,0x00000000d6300000)
  to   space 512K, 0% used [0x00000000d6300000,0x00000000d6300000,0x00000000d6380000)
 ParOldGen       total 68608K, used 56712K [0x0000000080000000, 0x0000000084300000, 0x00000000d5580000)
  object space 68608K, 82% used [0x0000000080000000,0x00000000837621f8,0x0000000084300000)
 Metaspace       used 51879K, committed 53056K, reserved 1114112K
  class space    used 5698K, committed 6208K, reserved 1048576K
}
Event: 9.521 GC heap before
{Heap before GC invocations=40 (full 2):
 PSYoungGen      total 10752K, used 10592K [0x00000000d5580000, 0x00000000d6380000, 0x0000000100000000)
  eden space 10240K, 100% used [0x00000000d5580000,0x00000000d5f80000,0x00000000d5f80000)
  from space 512K, 68% used [0x00000000d6280000,0x00000000d62d8000,0x00000000d6300000)
  to   space 512K, 0% used [0x00000000d6300000,0x00000000d6300000,0x00000000d6380000)
 ParOldGen       total 68608K, used 56712K [0x0000000080000000, 0x0000000084300000, 0x00000000d5580000)
  object space 68608K, 82% used [0x0000000080000000,0x00000000837621f8,0x0000000084300000)
 Metaspace       used 52637K, committed 53824K, reserved 1114112K
  class space    used 5766K, committed 6272K, reserved 1048576K
}
Event: 9.522 GC heap after
{Heap after GC invocations=40 (full 2):
 PSYoungGen      total 10752K, used 505K [0x00000000d5580000, 0x00000000d6380000, 0x0000000100000000)
  eden space 10240K, 0% used [0x00000000d5580000,0x00000000d5580000,0x00000000d5f80000)
  from space 512K, 98% used [0x00000000d6300000,0x00000000d637e500,0x00000000d6380000)
  to   space 1024K, 0% used [0x00000000d6180000,0x00000000d6180000,0x00000000d6280000)
 ParOldGen       total 68608K, used 56964K [0x0000000080000000, 0x0000000084300000, 0x00000000d5580000)
  object space 68608K, 83% used [0x0000000080000000,0x00000000837a10e8,0x0000000084300000)
 Metaspace       used 52637K, committed 53824K, reserved 1114112K
  class space    used 5766K, committed 6272K, reserved 1048576K
}
Event: 9.627 GC heap before
{Heap before GC invocations=41 (full 2):
 PSYoungGen      total 10752K, used 10745K [0x00000000d5580000, 0x00000000d6380000, 0x0000000100000000)
  eden space 10240K, 100% used [0x00000000d5580000,0x00000000d5f80000,0x00000000d5f80000)
  from space 512K, 98% used [0x00000000d6300000,0x00000000d637e500,0x00000000d6380000)
  to   space 1024K, 0% used [0x00000000d6180000,0x00000000d6180000,0x00000000d6280000)
 ParOldGen       total 68608K, used 56964K [0x0000000080000000, 0x0000000084300000, 0x00000000d5580000)
  object space 68608K, 83% used [0x0000000080000000,0x00000000837a10e8,0x0000000084300000)
 Metaspace       used 52638K, committed 53824K, reserved 1114112K
  class space    used 5766K, committed 6272K, reserved 1048576K
}
Event: 9.629 GC heap after
{Heap after GC invocations=41 (full 2):
 PSYoungGen      total 11264K, used 1016K [0x00000000d5580000, 0x00000000d6880000, 0x0000000100000000)
  eden space 10240K, 0% used [0x00000000d5580000,0x00000000d5580000,0x00000000d5f80000)
  from space 1024K, 99% used [0x00000000d6180000,0x00000000d627e128,0x00000000d6280000)
  to   space 4608K, 0% used [0x00000000d6400000,0x00000000d6400000,0x00000000d6880000)
 ParOldGen       total 68608K, used 59568K [0x0000000080000000, 0x0000000084300000, 0x00000000d5580000)
  object space 68608K, 86% used [0x0000000080000000,0x0000000083a2c0c0,0x0000000084300000)
 Metaspace       used 52638K, committed 53824K, reserved 1114112K
  class space    used 5766K, committed 6272K, reserved 1048576K
}
Event: 10.759 GC heap before
{Heap before GC invocations=42 (full 2):
 PSYoungGen      total 11264K, used 11256K [0x00000000d5580000, 0x00000000d6880000, 0x0000000100000000)
  eden space 10240K, 100% used [0x00000000d5580000,0x00000000d5f80000,0x00000000d5f80000)
  from space 1024K, 99% used [0x00000000d6180000,0x00000000d627e128,0x00000000d6280000)
  to   space 4608K, 0% used [0x00000000d6400000,0x00000000d6400000,0x00000000d6880000)
 ParOldGen       total 68608K, used 59602K [0x0000000080000000, 0x0000000084300000, 0x00000000d5580000)
  object space 68608K, 86% used [0x0000000080000000,0x0000000083a34b88,0x0000000084300000)
 Metaspace       used 53051K, committed 54336K, reserved 1114112K
  class space    used 5800K, committed 6400K, reserved 1048576K
}
Event: 10.766 GC heap after
{Heap after GC invocations=42 (full 2):
 PSYoungGen      total 13312K, used 2912K [0x00000000d5580000, 0x00000000d6700000, 0x0000000100000000)
  eden space 10240K, 0% used [0x00000000d5580000,0x00000000d5580000,0x00000000d5f80000)
  from space 3072K, 94% used [0x00000000d6400000,0x00000000d66d82f8,0x00000000d6700000)
  to   space 3584K, 0% used [0x00000000d6000000,0x00000000d6000000,0x00000000d6380000)
 ParOldGen       total 68608K, used 60631K [0x0000000080000000, 0x0000000084300000, 0x00000000d5580000)
  object space 68608K, 88% used [0x0000000080000000,0x0000000083b35da8,0x0000000084300000)
 Metaspace       used 53051K, committed 54336K, reserved 1114112K
  class space    used 5800K, committed 6400K, reserved 1048576K
}
Event: 11.011 GC heap before
{Heap before GC invocations=43 (full 2):
 PSYoungGen      total 13312K, used 13152K [0x00000000d5580000, 0x00000000d6700000, 0x0000000100000000)
  eden space 10240K, 100% used [0x00000000d5580000,0x00000000d5f80000,0x00000000d5f80000)
  from space 3072K, 94% used [0x00000000d6400000,0x00000000d66d82f8,0x00000000d6700000)
  to   space 3584K, 0% used [0x00000000d6000000,0x00000000d6000000,0x00000000d6380000)
 ParOldGen       total 68608K, used 60697K [0x0000000080000000, 0x0000000084300000, 0x00000000d5580000)
  object space 68608K, 88% used [0x0000000080000000,0x0000000083b46770,0x0000000084300000)
 Metaspace       used 54013K, committed 55296K, reserved 1114112K
  class space    used 5877K, committed 6464K, reserved 1048576K
}
Event: 11.013 GC heap after
{Heap after GC invocations=43 (full 2):
 PSYoungGen      total 11264K, used 800K [0x00000000d5580000, 0x00000000d6480000, 0x0000000100000000)
  eden space 10240K, 0% used [0x00000000d5580000,0x00000000d5580000,0x00000000d5f80000)
  from space 1024K, 78% used [0x00000000d6000000,0x00000000d60c8010,0x00000000d6100000)
  to   space 2048K, 0% used [0x00000000d6280000,0x00000000d6280000,0x00000000d6480000)
 ParOldGen       total 68608K, used 63460K [0x0000000080000000, 0x0000000084300000, 0x00000000d5580000)
  object space 68608K, 92% used [0x0000000080000000,0x0000000083df90b8,0x0000000084300000)
 Metaspace       used 54013K, committed 55296K, reserved 1114112K
  class space    used 5877K, committed 6464K, reserved 1048576K
}
Event: 11.093 GC heap before
{Heap before GC invocations=44 (full 2):
 PSYoungGen      total 11264K, used 11040K [0x00000000d5580000, 0x00000000d6480000, 0x0000000100000000)
  eden space 10240K, 100% used [0x00000000d5580000,0x00000000d5f80000,0x00000000d5f80000)
  from space 1024K, 78% used [0x00000000d6000000,0x00000000d60c8010,0x00000000d6100000)
  to   space 2048K, 0% used [0x00000000d6280000,0x00000000d6280000,0x00000000d6480000)
 ParOldGen       total 68608K, used 63460K [0x0000000080000000, 0x0000000084300000, 0x00000000d5580000)
  object space 68608K, 92% used [0x0000000080000000,0x0000000083df90b8,0x0000000084300000)
 Metaspace       used 54131K, committed 55488K, reserved 1114112K
  class space    used 5887K, committed 6528K, reserved 1048576K
}
Event: 11.094 GC heap after
{Heap after GC invocations=44 (full 2):
 PSYoungGen      total 11264K, used 896K [0x00000000d5580000, 0x00000000d6380000, 0x0000000100000000)
  eden space 10240K, 0% used [0x00000000d5580000,0x00000000d5580000,0x00000000d5f80000)
  from space 1024K, 87% used [0x00000000d6280000,0x00000000d6360020,0x00000000d6380000)
  to   space 1024K, 0% used [0x00000000d6000000,0x00000000d6000000,0x00000000d6100000)
 ParOldGen       total 68608K, used 64124K [0x0000000080000000, 0x0000000084300000, 0x00000000d5580000)
  object space 68608K, 93% used [0x0000000080000000,0x0000000083e9f0e8,0x0000000084300000)
 Metaspace       used 54131K, committed 55488K, reserved 1114112K
  class space    used 5887K, committed 6528K, reserved 1048576K
}
Event: 12.191 GC heap before
{Heap before GC invocations=45 (full 2):
 PSYoungGen      total 11264K, used 11136K [0x00000000d5580000, 0x00000000d6380000, 0x0000000100000000)
  eden space 10240K, 100% used [0x00000000d5580000,0x00000000d5f80000,0x00000000d5f80000)
  from space 1024K, 87% used [0x00000000d6280000,0x00000000d6360020,0x00000000d6380000)
  to   space 1024K, 0% used [0x00000000d6000000,0x00000000d6000000,0x00000000d6100000)
 ParOldGen       total 68608K, used 64124K [0x0000000080000000, 0x0000000084300000, 0x00000000d5580000)
  object space 68608K, 93% used [0x0000000080000000,0x0000000083e9f0e8,0x0000000084300000)
 Metaspace       used 54215K, committed 55552K, reserved 1114112K
  class space    used 5888K, committed 6528K, reserved 1048576K
}
Event: 12.191 GC heap after
{Heap after GC invocations=45 (full 2):
 PSYoungGen      total 11264K, used 768K [0x00000000d5580000, 0x00000000d6300000, 0x0000000100000000)
  eden space 10240K, 0% used [0x00000000d5580000,0x00000000d5580000,0x00000000d5f80000)
  from space 1024K, 75% used [0x00000000d6000000,0x00000000d60c0000,0x00000000d6100000)
  to   space 1024K, 0% used [0x00000000d6200000,0x00000000d6200000,0x00000000d6300000)
 ParOldGen       total 68608K, used 64904K [0x0000000080000000, 0x0000000084300000, 0x00000000d5580000)
  object space 68608K, 94% used [0x0000000080000000,0x0000000083f62178,0x0000000084300000)
 Metaspace       used 54215K, committed 55552K, reserved 1114112K
  class space    used 5888K, committed 6528K, reserved 1048576K
}
Event: 13.270 GC heap before
{Heap before GC invocations=46 (full 2):
 PSYoungGen      total 11264K, used 11008K [0x00000000d5580000, 0x00000000d6300000, 0x0000000100000000)
  eden space 10240K, 100% used [0x00000000d5580000,0x00000000d5f80000,0x00000000d5f80000)
  from space 1024K, 75% used [0x00000000d6000000,0x00000000d60c0000,0x00000000d6100000)
  to   space 1024K, 0% used [0x00000000d6200000,0x00000000d6200000,0x00000000d6300000)
 ParOldGen       total 68608K, used 64904K [0x0000000080000000, 0x0000000084300000, 0x00000000d5580000)
  object space 68608K, 94% used [0x0000000080000000,0x0000000083f62178,0x0000000084300000)
 Metaspace       used 54449K, committed 55808K, reserved 1114112K
  class space    used 5912K, committed 6528K, reserved 1048576K
}
Event: 13.272 GC heap after
{Heap after GC invocations=46 (full 2):
 PSYoungGen      total 11264K, used 992K [0x00000000d5580000, 0x00000000d6300000, 0x0000000100000000)
  eden space 10240K, 0% used [0x00000000d5580000,0x00000000d5580000,0x00000000d5f80000)
  from space 1024K, 96% used [0x00000000d6200000,0x00000000d62f8000,0x00000000d6300000)
  to   space 1536K, 0% used [0x00000000d6000000,0x00000000d6000000,0x00000000d6180000)
 ParOldGen       total 68608K, used 65548K [0x0000000080000000, 0x0000000084300000, 0x00000000d5580000)
  object space 68608K, 95% used [0x0000000080000000,0x0000000084003208,0x0000000084300000)
 Metaspace       used 54449K, committed 55808K, reserved 1114112K
  class space    used 5912K, committed 6528K, reserved 1048576K
}

Dll operation events (10 events):
Event: 0.022 Loaded shared library c:\Users\odila\.windsurf\extensions\redhat.java-1.54.0-win32-x64\jre\21.0.10-win32-x86_64\bin\java.dll
Event: 0.094 Loaded shared library c:\Users\odila\.windsurf\extensions\redhat.java-1.54.0-win32-x64\jre\21.0.10-win32-x86_64\bin\zip.dll
Event: 0.119 Loaded shared library C:\Users\odila\.windsurf\extensions\redhat.java-1.54.0-win32-x64\jre\21.0.10-win32-x86_64\bin\instrument.dll
Event: 0.144 Loaded shared library C:\Users\odila\.windsurf\extensions\redhat.java-1.54.0-win32-x64\jre\21.0.10-win32-x86_64\bin\net.dll
Event: 0.153 Loaded shared library C:\Users\odila\.windsurf\extensions\redhat.java-1.54.0-win32-x64\jre\21.0.10-win32-x86_64\bin\nio.dll
Event: 0.156 Loaded shared library C:\Users\odila\.windsurf\extensions\redhat.java-1.54.0-win32-x64\jre\21.0.10-win32-x86_64\bin\zip.dll
Event: 0.173 Loaded shared library C:\Users\odila\.windsurf\extensions\redhat.java-1.54.0-win32-x64\jre\21.0.10-win32-x86_64\bin\jimage.dll
Event: 0.247 Loaded shared library c:\Users\odila\.windsurf\extensions\redhat.java-1.54.0-win32-x64\jre\21.0.10-win32-x86_64\bin\verify.dll
Event: 1.151 Loaded shared library C:\Users\odila\AppData\Roaming\Windsurf\User\globalStorage\redhat.java\1.54.0\config_win\org.eclipse.equinox.launcher\org.eclipse.equinox.launcher.win32.win32.x86_64_1.3.0.v20260203-2149\eclipse_11919.dll
Event: 4.200 Loaded shared library C:\Users\odila\AppData\Local\Temp\jna-105594281\jna2168154100365515495.dll

Deoptimization events (20 events):
Event: 13.255 Thread 0x000001d821f4af60 Uncommon trap: trap_request=0xffffffde fr.pc=0x000001d7cb6d2d54 relative=0x0000000000000734
Event: 13.255 Thread 0x000001d821f4af60 Uncommon trap: reason=class_check action=maybe_recompile pc=0x000001d7cb6d2d54 method=java.util.HashMap.putVal(ILjava/lang/Object;Ljava/lang/Object;ZZ)Ljava/lang/Object; @ 203 c2
Event: 13.255 Thread 0x000001d821f4af60 DEOPT PACKING pc=0x000001d7cb6d2d54 sp=0x000000023fefdf10
Event: 13.255 Thread 0x000001d821f4af60 DEOPT UNPACKING pc=0x000001d7caf86da2 sp=0x000000023fefde00 mode 2
Event: 13.255 Thread 0x000001d821f4af60 Uncommon trap: trap_request=0xffffffde fr.pc=0x000001d7cb6d2d54 relative=0x0000000000000734
Event: 13.255 Thread 0x000001d821f4af60 Uncommon trap: reason=class_check action=maybe_recompile pc=0x000001d7cb6d2d54 method=java.util.HashMap.putVal(ILjava/lang/Object;Ljava/lang/Object;ZZ)Ljava/lang/Object; @ 203 c2
Event: 13.255 Thread 0x000001d821f4af60 DEOPT PACKING pc=0x000001d7cb6d2d54 sp=0x000000023fefdf10
Event: 13.255 Thread 0x000001d821f4af60 DEOPT UNPACKING pc=0x000001d7caf86da2 sp=0x000000023fefde00 mode 2
Event: 13.256 Thread 0x000001d821f4af60 Uncommon trap: trap_request=0xffffffde fr.pc=0x000001d7cb83364c relative=0x00000000000006ac
Event: 13.256 Thread 0x000001d821f4af60 Uncommon trap: reason=class_check action=maybe_recompile pc=0x000001d7cb83364c method=java.util.HashMap.putVal(ILjava/lang/Object;Ljava/lang/Object;ZZ)Ljava/lang/Object; @ 203 c2
Event: 13.256 Thread 0x000001d821f4af60 DEOPT PACKING pc=0x000001d7cb83364c sp=0x000000023fefde50
Event: 13.256 Thread 0x000001d821f4af60 DEOPT UNPACKING pc=0x000001d7caf86da2 sp=0x000000023fefddf0 mode 2
Event: 13.269 Thread 0x000001d821f4af60 Uncommon trap: trap_request=0xffffff45 fr.pc=0x000001d7cb8aabb4 relative=0x0000000000000194
Event: 13.269 Thread 0x000001d821f4af60 Uncommon trap: reason=unstable_if action=reinterpret pc=0x000001d7cb8aabb4 method=java.util.Arrays.equals([C[C)Z @ 8 c2
Event: 13.269 Thread 0x000001d821f4af60 DEOPT PACKING pc=0x000001d7cb8aabb4 sp=0x000000023fefd930
Event: 13.269 Thread 0x000001d821f4af60 DEOPT UNPACKING pc=0x000001d7caf86da2 sp=0x000000023fefd8e8 mode 2
Event: 13.291 Thread 0x000001d821f4af60 Uncommon trap: trap_request=0xffffff6e fr.pc=0x000001d7cb8e4f1c relative=0x00000000000003dc
Event: 13.291 Thread 0x000001d821f4af60 Uncommon trap: reason=loop_limit_check action=maybe_recompile pc=0x000001d7cb8e4f1c method=org.eclipse.jdt.internal.compiler.classfmt.ClassFileStruct.utf8At(II)[C @ 143 c2
Event: 13.291 Thread 0x000001d821f4af60 DEOPT PACKING pc=0x000001d7cb8e4f1c sp=0x000000023fefd170
Event: 13.291 Thread 0x000001d821f4af60 DEOPT UNPACKING pc=0x000001d7caf86da2 sp=0x000000023fefd108 mode 2

Classes loaded (20 events):
Event: 8.618 Loading class java/util/regex/Pattern$Pos
Event: 8.618 Loading class java/util/regex/Pattern$Pos done
Event: 8.640 Loading class sun/security/provider/MD5
Event: 8.640 Loading class sun/security/provider/MD5 done
Event: 8.640 Loading class sun/security/provider/ByteArrayAccess$LE
Event: 8.641 Loading class sun/security/provider/ByteArrayAccess$LE done
Event: 9.038 Loading class java/util/WeakHashMap$KeyIterator
Event: 9.038 Loading class java/util/WeakHashMap$KeyIterator done
Event: 9.038 Loading class java/util/Vector$1
Event: 9.038 Loading class java/util/Vector$1 done
Event: 9.401 Loading class java/util/regex/Pattern$Caret
Event: 9.402 Loading class java/util/regex/Pattern$Caret done
Event: 9.670 Loading class java/nio/file/FileTreeIterator
Event: 9.670 Loading class java/nio/file/FileTreeIterator done
Event: 13.249 Loading class java/util/stream/ReduceOps$4
Event: 13.249 Loading class java/util/stream/ReduceOps$4 done
Event: 13.249 Loading class java/util/stream/ReduceOps$4ReducingSink
Event: 13.250 Loading class java/util/stream/ReduceOps$4ReducingSink done
Event: 13.251 Loading class java/nio/file/Files$2
Event: 13.251 Loading class java/nio/file/Files$2 done

Classes unloaded (7 events):
Event: 4.588 Thread 0x000001d7bef2e8b0 Unloading class 0x000001d7d91ad400 'java/lang/invoke/LambdaForm$MH+0x000001d7d91ad400'
Event: 4.588 Thread 0x000001d7bef2e8b0 Unloading class 0x000001d7d91ad000 'java/lang/invoke/LambdaForm$MH+0x000001d7d91ad000'
Event: 4.588 Thread 0x000001d7bef2e8b0 Unloading class 0x000001d7d91acc00 'java/lang/invoke/LambdaForm$MH+0x000001d7d91acc00'
Event: 4.588 Thread 0x000001d7bef2e8b0 Unloading class 0x000001d7d91ac800 'java/lang/invoke/LambdaForm$MH+0x000001d7d91ac800'
Event: 4.588 Thread 0x000001d7bef2e8b0 Unloading class 0x000001d7d91ac400 'java/lang/invoke/LambdaForm$BMH+0x000001d7d91ac400'
Event: 4.588 Thread 0x000001d7bef2e8b0 Unloading class 0x000001d7d91ac000 'java/lang/invoke/LambdaForm$DMH+0x000001d7d91ac000'
Event: 4.588 Thread 0x000001d7bef2e8b0 Unloading class 0x000001d7d91aac00 'java/lang/invoke/LambdaForm$DMH+0x000001d7d91aac00'

Classes redefined (0 events):
No events

Internal exceptions (20 events):
Event: 8.794 Thread 0x000001d82152e7b0 Exception <a 'sun/nio/fs/WindowsException'{0x00000000d58ff5e8}> (0x00000000d58ff5e8) 
thrown [s\src\hotspot\share\prims\jni.cpp, line 520]
Event: 8.794 Thread 0x000001d8215322c0 Exception <a 'sun/nio/fs/WindowsException'{0x00000000d5908c78}> (0x00000000d5908c78) 
thrown [s\src\hotspot\share\prims\jni.cpp, line 520]
Event: 8.795 Thread 0x000001d821532950 Exception <a 'sun/nio/fs/WindowsException'{0x00000000d5913138}> (0x00000000d5913138) 
thrown [s\src\hotspot\share\prims\jni.cpp, line 520]
Event: 8.795 Thread 0x000001d821532fe0 Exception <a 'sun/nio/fs/WindowsException'{0x00000000d591d638}> (0x00000000d591d638) 
thrown [s\src\hotspot\share\prims\jni.cpp, line 520]
Event: 8.795 Thread 0x000001d81f7e4030 Exception <a 'sun/nio/fs/WindowsException'{0x00000000d5927b10}> (0x00000000d5927b10) 
thrown [s\src\hotspot\share\prims\jni.cpp, line 520]
Event: 8.798 Thread 0x000001d81f7e3310 Exception <a 'sun/nio/fs/WindowsException'{0x00000000d595bce0}> (0x00000000d595bce0) 
thrown [s\src\hotspot\share\prims\jni.cpp, line 520]
Event: 8.798 Thread 0x000001d81f7e4030 Exception <a 'sun/nio/fs/WindowsException'{0x00000000d5929ba8}> (0x00000000d5929ba8) 
thrown [s\src\hotspot\share\prims\jni.cpp, line 520]
Event: 8.799 Thread 0x000001d821532fe0 Exception <a 'sun/nio/fs/WindowsException'{0x00000000d5922e20}> (0x00000000d5922e20) 
thrown [s\src\hotspot\share\prims\jni.cpp, line 520]
Event: 8.805 Thread 0x000001d821f4af60 Exception <a 'sun/nio/fs/WindowsException'{0x00000000d58e2f70}> (0x00000000d58e2f70) 
thrown [s\src\hotspot\share\prims\jni.cpp, line 520]
Event: 8.805 Thread 0x000001d82152e120 Exception <a 'sun/nio/fs/WindowsException'{0x00000000d58ef100}> (0x00000000d58ef100) 
thrown [s\src\hotspot\share\prims\jni.cpp, line 520]
Event: 9.033 Thread 0x000001d81fc2b150 Exception <a 'sun/nio/fs/WindowsException'{0x00000000d5ed08e0}> (0x00000000d5ed08e0) 
thrown [s\src\hotspot\share\prims\jni.cpp, line 520]
Event: 9.034 Thread 0x000001d81fc2b150 Exception <a 'sun/nio/fs/WindowsException'{0x00000000d5ed1678}> (0x00000000d5ed1678) 
thrown [s\src\hotspot\share\prims\jni.cpp, line 520]
Event: 9.041 Thread 0x000001d81fc2b150 Exception <a 'java/io/FileNotFoundException'{0x00000000d5f452d0}> (0x00000000d5f452d0) 
thrown [s\src\hotspot\share\prims\jni.cpp, line 520]
Event: 9.042 Thread 0x000001d81fc2b150 Exception <a 'java/io/FileNotFoundException'{0x00000000d5f46888}> (0x00000000d5f46888) 
thrown [s\src\hotspot\share\prims\jni.cpp, line 520]
Event: 9.043 Thread 0x000001d81fc2b150 Exception <a 'java/io/FileNotFoundException'{0x00000000d5f47c28}> (0x00000000d5f47c28) 
thrown [s\src\hotspot\share\prims\jni.cpp, line 520]
Event: 10.997 Thread 0x000001d821f4af60 Exception <a 'java/lang/NoSuchMethodError'{0x00000000d5e6ec10}: 'java.lang.Object java.lang.invoke.DirectMethodHandle$Holder.invokeStatic(java.lang.Object, java.lang.Object, int, int)'> (0x00000000d5e6ec10) 
thrown [s\src\hotspot\share\interpreter\linkResolver.cpp, line 773]
Event: 10.998 Thread 0x000001d821f4af60 Exception <a 'java/lang/NoSuchMethodError'{0x00000000d5e72f70}: 'java.lang.Object java.lang.invoke.DirectMethodHandle$Holder.invokeSpecial(java.lang.Object, java.lang.Object, java.lang.Object, int, int)'> (0x00000000d5e72f70) 
thrown [s\src\hotspot\share\interpreter\linkResolver.cpp, line 773]
Event: 11.058 Thread 0x000001d821f4af60 Implicit null exception at 0x000001d7cb8b88e9 to 0x000001d7cb8b8959
Event: 13.252 Thread 0x000001d821f4af60 Exception <a 'java/lang/NoSuchMethodError'{0x00000000d5e6f488}: 'int java.lang.invoke.DirectMethodHandle$Holder.invokeSpecialIFC(java.lang.Object, java.lang.Object, java.lang.Object)'> (0x00000000d5e6f488) 
thrown [s\src\hotspot\share\interpreter\linkResolver.cpp, line 773]
Event: 13.269 Thread 0x000001d821f4af60 Implicit null exception at 0x000001d7cb8aaa4b to 0x000001d7cb8aaba4

ZGC Phase Switch (0 events):
No events

VM Operations (20 events):
Event: 9.629 Executing safepoint VM operation: ParallelGCFailedAllocation (Allocation Failure) done
Event: 9.798 Executing safepoint VM operation: ParallelGCFailedAllocation (Allocation Failure)
Event: 9.798 Executing safepoint VM operation: ParallelGCFailedAllocation (Allocation Failure) done
Event: 10.759 Executing safepoint VM operation: ParallelGCSystemGC (GCLocker Initiated GC)
Event: 10.766 Executing safepoint VM operation: ParallelGCSystemGC (GCLocker Initiated GC) done
Event: 11.011 Executing safepoint VM operation: ParallelGCFailedAllocation (Allocation Failure)
Event: 11.013 Executing safepoint VM operation: ParallelGCFailedAllocation (Allocation Failure) done
Event: 11.093 Executing safepoint VM operation: ParallelGCFailedAllocation (Allocation Failure)
Event: 11.094 Executing safepoint VM operation: ParallelGCFailedAllocation (Allocation Failure) done
Event: 12.096 Executing safepoint VM operation: Cleanup
Event: 12.189 Executing safepoint VM operation: Cleanup done
Event: 12.190 Executing safepoint VM operation: ParallelGCFailedAllocation (Allocation Failure)
Event: 12.191 Executing safepoint VM operation: ParallelGCFailedAllocation (Allocation Failure) done
Event: 13.196 Executing safepoint VM operation: Cleanup
Event: 13.242 Executing safepoint VM operation: Cleanup done
Event: 13.270 Executing safepoint VM operation: ParallelGCFailedAllocation (Allocation Failure)
Event: 13.272 Executing safepoint VM operation: ParallelGCFailedAllocation (Allocation Failure) done
Event: 13.347 Executing non-safepoint VM operation: HandshakeAllThreads (Deoptimize)
Event: 13.347 Executing non-safepoint VM operation: HandshakeAllThreads (Deoptimize) done
Event: 14.353 Executing safepoint VM operation: Cleanup

Memory protections (0 events):
No events

Nmethod flushes (20 events):
Event: 5.405 Thread 0x000001d7bef2e8b0 flushing  nmethod 0x000001d7c405b310
Event: 5.405 Thread 0x000001d7bef2e8b0 flushing  nmethod 0x000001d7c405c510
Event: 5.405 Thread 0x000001d7bef2e8b0 flushing  nmethod 0x000001d7c405d190
Event: 5.405 Thread 0x000001d7bef2e8b0 flushing  nmethod 0x000001d7c405d910
Event: 5.405 Thread 0x000001d7bef2e8b0 flushing  nmethod 0x000001d7c405f290
Event: 5.405 Thread 0x000001d7bef2e8b0 flushing  nmethod 0x000001d7c405fc90
Event: 5.405 Thread 0x000001d7bef2e8b0 flushing  nmethod 0x000001d7c4060d90
Event: 5.405 Thread 0x000001d7bef2e8b0 flushing  nmethod 0x000001d7c4061210
Event: 5.405 Thread 0x000001d7bef2e8b0 flushing  nmethod 0x000001d7c4063010
Event: 5.405 Thread 0x000001d7bef2e8b0 flushing  nmethod 0x000001d7c406dc10
Event: 5.405 Thread 0x000001d7bef2e8b0 flushing  nmethod 0x000001d7c407f790
Event: 5.405 Thread 0x000001d7bef2e8b0 flushing  nmethod 0x000001d7c4097310
Event: 5.405 Thread 0x000001d7bef2e8b0 flushing  nmethod 0x000001d7c409c210
Event: 5.405 Thread 0x000001d7bef2e8b0 flushing  nmethod 0x000001d7c409f010
Event: 5.405 Thread 0x000001d7bef2e8b0 flushing  nmethod 0x000001d7c40a5590
Event: 5.405 Thread 0x000001d7bef2e8b0 flushing  nmethod 0x000001d7c40ae690
Event: 5.405 Thread 0x000001d7bef2e8b0 flushing  nmethod 0x000001d7c4134610
Event: 5.405 Thread 0x000001d7bef2e8b0 flushing  nmethod 0x000001d7c4138890
Event: 5.405 Thread 0x000001d7bef2e8b0 flushing  nmethod 0x000001d7c4154d10
Event: 5.405 Thread 0x000001d7bef2e8b0 flushing  nmethod 0x000001d7c4173290

Events (20 events):
Event: 8.793 Thread 0x000001d82152e120 Thread added: 0x000001d82152e7b0
Event: 8.794 Thread 0x000001d821531c30 Thread added: 0x000001d8215322c0
Event: 8.794 Thread 0x000001d821531c30 Thread added: 0x000001d821532950
Event: 8.794 Thread 0x000001d82152e7b0 Thread added: 0x000001d821532fe0
Event: 8.794 Thread 0x000001d8215322c0 Thread added: 0x000001d81f7e4030
Event: 8.794 Thread 0x000001d821532950 Thread added: 0x000001d81f7e1f60
Event: 8.794 Thread 0x000001d821532fe0 Thread added: 0x000001d81f7e1240
Event: 8.795 Thread 0x000001d82152e7b0 Thread added: 0x000001d81f7e18d0
Event: 8.795 Thread 0x000001d81f7e4030 Thread added: 0x000001d81f7e3310
Event: 8.795 Thread 0x000001d8215322c0 Thread added: 0x000001d81f7e25f0
Event: 8.831 Thread 0x000001d821f4af60 Thread added: 0x000001d81f7e2c80
Event: 8.831 Thread 0x000001d821f4af60 Thread added: 0x000001d81f7e39a0
Event: 8.831 Thread 0x000001d821f4af60 Thread added: 0x000001d81f7e0bb0
Event: 8.831 Thread 0x000001d821f4af60 Thread added: 0x000001d81f7e6100
Event: 8.831 Thread 0x000001d821f4af60 Thread added: 0x000001d81f7e53e0
Event: 8.831 Thread 0x000001d81f7e39a0 Thread added: 0x000001d81f7e74b0
Event: 8.832 Thread 0x000001d81f7e53e0 Thread added: 0x000001d81f7e46c0
Event: 8.832 Thread 0x000001d81f7e2c80 Thread added: 0x000001d81f7e5a70
Event: 8.832 Thread 0x000001d81f7e46c0 Thread added: 0x000001d81f7e6790
Event: 8.832 Thread 0x000001d81f7e74b0 Thread added: 0x000001d81f7e6e20


Dynamic libraries:
0x00007ff63da90000 - 0x00007ff63da9e000 	c:\Users\odila\.windsurf\extensions\redhat.java-1.54.0-win32-x64\jre\21.0.10-win32-x86_64\bin\java.exe
0x00007ffe2b580000 - 0x00007ffe2b7e7000 	C:\WINDOWS\SYSTEM32\ntdll.dll
0x00007ffe2a390000 - 0x00007ffe2a459000 	C:\WINDOWS\System32\KERNEL32.DLL
0x00007ffe28930000 - 0x00007ffe28d24000 	C:\WINDOWS\System32\KERNELBASE.dll
0x00007ffe291c0000 - 0x00007ffe2930b000 	C:\WINDOWS\System32\ucrtbase.dll
0x00007ffe107f0000 - 0x00007ffe10808000 	c:\Users\odila\.windsurf\extensions\redhat.java-1.54.0-win32-x64\jre\21.0.10-win32-x86_64\bin\jli.dll
0x00007ffe1a950000 - 0x00007ffe1a96e000 	c:\Users\odila\.windsurf\extensions\redhat.java-1.54.0-win32-x64\jre\21.0.10-win32-x86_64\bin\VCRUNTIME140.dll
0x00007ffe2a000000 - 0x00007ffe2a1c5000 	C:\WINDOWS\System32\USER32.dll
0x00007ffe27e50000 - 0x00007ffe27e77000 	C:\WINDOWS\System32\win32u.dll
0x00007ffe29310000 - 0x00007ffe2933b000 	C:\WINDOWS\System32\GDI32.dll
0x00007ffe198b0000 - 0x00007ffe19b43000 	C:\WINDOWS\WinSxS\amd64_microsoft.windows.common-controls_6595b64144ccf1df_6.0.26100.8115_none_3e075c82e3354f9c\COMCTL32.dll
0x00007ffe28f20000 - 0x00007ffe2904b000 	C:\WINDOWS\System32\gdi32full.dll
0x00007ffe29db0000 - 0x00007ffe29e59000 	C:\WINDOWS\System32\msvcrt.dll
0x00007ffe28dc0000 - 0x00007ffe28e63000 	C:\WINDOWS\System32\msvcp_win.dll
0x00007ffe2ada0000 - 0x00007ffe2add2000 	C:\WINDOWS\System32\IMM32.DLL
0x00007ffe218e0000 - 0x00007ffe218ec000 	c:\Users\odila\.windsurf\extensions\redhat.java-1.54.0-win32-x64\jre\21.0.10-win32-x86_64\bin\vcruntime140_1.dll
0x00007ffdbc670000 - 0x00007ffdbc6fd000 	c:\Users\odila\.windsurf\extensions\redhat.java-1.54.0-win32-x64\jre\21.0.10-win32-x86_64\bin\msvcp140.dll
0x00007ffda0d70000 - 0x00007ffda1b11000 	c:\Users\odila\.windsurf\extensions\redhat.java-1.54.0-win32-x64\jre\21.0.10-win32-x86_64\bin\server\jvm.dll
0x00007ffe2ab40000 - 0x00007ffe2abf6000 	C:\WINDOWS\System32\ADVAPI32.dll
0x00007ffe2af50000 - 0x00007ffe2aff7000 	C:\WINDOWS\System32\sechost.dll
0x00007ffe2a260000 - 0x00007ffe2a378000 	C:\WINDOWS\System32\RPCRT4.dll
0x00007ffe2ae40000 - 0x00007ffe2aec0000 	C:\WINDOWS\System32\WS2_32.dll
0x00007ffe27cb0000 - 0x00007ffe27d0e000 	C:\WINDOWS\SYSTEM32\POWRPROF.dll
0x00007ffe1f890000 - 0x00007ffe1f8c6000 	C:\WINDOWS\SYSTEM32\WINMM.dll
0x00007ffe1f970000 - 0x00007ffe1f97b000 	C:\WINDOWS\SYSTEM32\VERSION.dll
0x00007ffe27c90000 - 0x00007ffe27ca4000 	C:\WINDOWS\SYSTEM32\UMPDC.dll
0x00007ffe26be0000 - 0x00007ffe26bfb000 	C:\WINDOWS\SYSTEM32\kernel.appcore.dll
0x00007ffe0ff20000 - 0x00007ffe0ff2a000 	c:\Users\odila\.windsurf\extensions\redhat.java-1.54.0-win32-x64\jre\21.0.10-win32-x86_64\bin\jimage.dll
0x00007ffe1e6f0000 - 0x00007ffe1e932000 	C:\WINDOWS\SYSTEM32\DBGHELP.DLL
0x00007ffe2a5d0000 - 0x00007ffe2a952000 	C:\WINDOWS\System32\combase.dll
0x00007ffe2acc0000 - 0x00007ffe2ad98000 	C:\WINDOWS\System32\OLEAUT32.dll
0x00007ffe00fa0000 - 0x00007ffe00fdb000 	C:\WINDOWS\SYSTEM32\dbgcore.DLL
0x00007ffe28e70000 - 0x00007ffe28f15000 	C:\WINDOWS\System32\bcryptPrimitives.dll
0x00007ffe0ff10000 - 0x00007ffe0ff1f000 	c:\Users\odila\.windsurf\extensions\redhat.java-1.54.0-win32-x64\jre\21.0.10-win32-x86_64\bin\instrument.dll
0x00007ffe0fe80000 - 0x00007ffe0fea0000 	c:\Users\odila\.windsurf\extensions\redhat.java-1.54.0-win32-x64\jre\21.0.10-win32-x86_64\bin\java.dll
0x00007ffe29530000 - 0x00007ffe29c97000 	C:\WINDOWS\System32\SHELL32.dll
0x00007ffe29050000 - 0x00007ffe291ba000 	C:\WINDOWS\System32\wintypes.dll
0x00007ffe27f40000 - 0x00007ffe287a8000 	C:\WINDOWS\System32\windows.storage.dll
0x00007ffe2a460000 - 0x00007ffe2a558000 	C:\WINDOWS\System32\SHCORE.dll
0x00007ffe2a560000 - 0x00007ffe2a5c6000 	C:\WINDOWS\System32\shlwapi.dll
0x00007ffe27d70000 - 0x00007ffe27d99000 	C:\WINDOWS\SYSTEM32\profapi.dll
0x00007ffe08c90000 - 0x00007ffe08ca8000 	c:\Users\odila\.windsurf\extensions\redhat.java-1.54.0-win32-x64\jre\21.0.10-win32-x86_64\bin\zip.dll
0x00007ffe23410000 - 0x00007ffe23420000 	C:\Users\odila\.windsurf\extensions\redhat.java-1.54.0-win32-x64\jre\21.0.10-win32-x86_64\bin\net.dll
0x00007ffe21340000 - 0x00007ffe2146d000 	C:\WINDOWS\SYSTEM32\WINHTTP.dll
0x00007ffe27150000 - 0x00007ffe271bc000 	C:\WINDOWS\system32\mswsock.dll
0x00007ffe08100000 - 0x00007ffe08116000 	C:\Users\odila\.windsurf\extensions\redhat.java-1.54.0-win32-x64\jre\21.0.10-win32-x86_64\bin\nio.dll
0x00007ffe0b220000 - 0x00007ffe0b230000 	c:\Users\odila\.windsurf\extensions\redhat.java-1.54.0-win32-x64\jre\21.0.10-win32-x86_64\bin\verify.dll
0x00007ffddd880000 - 0x00007ffddd8c5000 	C:\Users\odila\AppData\Roaming\Windsurf\User\globalStorage\redhat.java\1.54.0\config_win\org.eclipse.equinox.launcher\org.eclipse.equinox.launcher.win32.win32.x86_64_1.3.0.v20260203-2149\eclipse_11919.dll
0x00007ffe29e60000 - 0x00007ffe29ff7000 	C:\WINDOWS\System32\ole32.dll
0x00007ffe27430000 - 0x00007ffe2744b000 	C:\WINDOWS\SYSTEM32\CRYPTSP.dll
0x00007ffe26b40000 - 0x00007ffe26b79000 	C:\WINDOWS\system32\rsaenh.dll
0x00007ffe27200000 - 0x00007ffe27233000 	C:\WINDOWS\SYSTEM32\USERENV.dll
0x00007ffe27d40000 - 0x00007ffe27d6a000 	C:\WINDOWS\SYSTEM32\bcrypt.dll
0x00007ffe27450000 - 0x00007ffe2745c000 	C:\WINDOWS\SYSTEM32\CRYPTBASE.dll
0x00007ffe26670000 - 0x00007ffe266a2000 	C:\WINDOWS\SYSTEM32\IPHLPAPI.DLL
0x00007ffe2b510000 - 0x00007ffe2b51a000 	C:\WINDOWS\System32\NSI.dll
0x00007ffdb8970000 - 0x00007ffdb89b9000 	C:\Users\odila\AppData\Local\Temp\jna-105594281\jna2168154100365515495.dll
0x00007ffe29370000 - 0x00007ffe29378000 	C:\WINDOWS\System32\PSAPI.DLL
0x00007ffe222e0000 - 0x00007ffe222fd000 	C:\WINDOWS\SYSTEM32\dhcpcsvc6.DLL
0x00007ffe222b0000 - 0x00007ffe222d5000 	C:\WINDOWS\SYSTEM32\dhcpcsvc.DLL

JVMTI agents:
c:\Users\odila\.windsurf\extensions\redhat.java-1.54.0-win32-x64\lombok\lombok-1.18.39-4050.jar path:c:\Users\odila\.windsurf\extensions\redhat.java-1.54.0-win32-x64\jre\21.0.10-win32-x86_64\bin\instrument.dll, loaded, initialized, instrumentlib options:none

dbghelp: loaded successfully - version: 4.0.5 - missing functions: none
symbol engine: initialized successfully - sym options: 0x614 - pdb path: .;c:\Users\odila\.windsurf\extensions\redhat.java-1.54.0-win32-x64\jre\21.0.10-win32-x86_64\bin;C:\WINDOWS\SYSTEM32;C:\WINDOWS\WinSxS\amd64_microsoft.windows.common-controls_6595b64144ccf1df_6.0.26100.8115_none_3e075c82e3354f9c;c:\Users\odila\.windsurf\extensions\redhat.java-1.54.0-win32-x64\jre\21.0.10-win32-x86_64\bin\server;C:\Users\odila\AppData\Roaming\Windsurf\User\globalStorage\redhat.java\1.54.0\config_win\org.eclipse.equinox.launcher\org.eclipse.equinox.launcher.win32.win32.x86_64_1.3.0.v20260203-2149;C:\Users\odila\AppData\Local\Temp\jna-105594281

VM Arguments:
jvm_args: --add-modules=ALL-SYSTEM --add-opens=java.base/java.util=ALL-UNNAMED --add-opens=java.base/java.lang=ALL-UNNAMED --add-opens=java.base/sun.nio.fs=ALL-UNNAMED -Declipse.application=org.eclipse.jdt.ls.core.id1 -Dosgi.bundles.defaultStartLevel=4 -Declipse.product=org.eclipse.jdt.ls.core.product -Djava.import.generatesMetadataFilesAtProjectRoot=false -DDetectVMInstallationsJob.disabled=true -Dfile.encoding=utf8 -XX:+UseParallelGC -XX:GCTimeRatio=4 -XX:AdaptiveSizePolicyWeight=90 -Dsun.zip.disableMemoryMapping=true -Xmx2G -Xms100m -Xlog:disable -javaagent:c:\Users\odila\.windsurf\extensions\redhat.java-1.54.0-win32-x64\lombok\lombok-1.18.39-4050.jar -XX:+HeapDumpOnOutOfMemoryError -XX:HeapDumpPath=c:\Users\odila\AppData\Roaming\Windsurf\User\workspaceStorage\bf88fa9155c22e67b188877542c25c24\redhat.java -Daether.dependencyCollector.impl=bf 
java_command: c:\Users\odila\.windsurf\extensions\redhat.java-1.54.0-win32-x64\server\plugins\org.eclipse.equinox.launcher_1.7.100.v20251111-0406.jar -configuration c:\Users\odila\AppData\Roaming\Windsurf\User\globalStorage\redhat.java\1.54.0\config_win -data c:\Users\odila\AppData\Roaming\Windsurf\User\workspaceStorage\bf88fa9155c22e67b188877542c25c24\redhat.java\jdt_ws --pipe=\\.\pipe\lsp-c82bc0e8ece61e0f9c7bd0fda4bd6da7-sock
java_class_path (initial): c:\Users\odila\.windsurf\extensions\redhat.java-1.54.0-win32-x64\server\plugins\org.eclipse.equinox.launcher_1.7.100.v20251111-0406.jar
Launcher Type: SUN_STANDARD

[Global flags]
    uintx AdaptiveSizePolicyWeight                 = 90                                        {product} {command line}
     intx CICompilerCount                          = 4                                         {product} {ergonomic}
    uintx GCTimeRatio                              = 4                                         {product} {command line}
     bool HeapDumpOnOutOfMemoryError               = true                                   {manageable} {command line}
    ccstr HeapDumpPath                             = c:\Users\odila\AppData\Roaming\Windsurf\User\workspaceStorage\bf88fa9155c22e67b188877542c25c24\redhat.java         {manageable} {command line}
   size_t InitialHeapSize                          = 104857600                                 {product} {command line}
   size_t MaxHeapSize                              = 2147483648                                {product} {command line}
   size_t MaxNewSize                               = 715653120                                 {product} {ergonomic}
   size_t MinHeapDeltaBytes                        = 524288                                    {product} {ergonomic}
   size_t MinHeapSize                              = 104857600                                 {product} {command line}
   size_t NewSize                                  = 34603008                                  {product} {ergonomic}
    uintx NonNMethodCodeHeapSize                   = 5839372                                {pd product} {ergonomic}
    uintx NonProfiledCodeHeapSize                  = 122909434                              {pd product} {ergonomic}
   size_t OldSize                                  = 70254592                                  {product} {ergonomic}
    uintx ProfiledCodeHeapSize                     = 122909434                              {pd product} {ergonomic}
    uintx ReservedCodeCacheSize                    = 251658240                              {pd product} {ergonomic}
     bool SegmentedCodeCache                       = true                                      {product} {ergonomic}
   size_t SoftMaxHeapSize                          = 2147483648                             {manageable} {ergonomic}
     bool UseCompressedOops                        = true                           {product lp64_product} {ergonomic}
     bool UseLargePagesIndividualAllocation        = false                                  {pd product} {ergonomic}
     bool UseParallelGC                            = true                                      {product} {command line}

Logging:
Log output configuration:
 #0: stdout all=off uptime,level,tags foldmultilines=false
 #1: stderr all=off uptime,level,tags foldmultilines=false

Release file:
JAVA_VERSION="21.0.10" 
MODULES="java.base java.compiler java.datatransfer java.xml java.prefs java.desktop java.instrument java.logging java.management java.security.sasl java.naming java.rmi java.management.rmi java.net.http java.scripting java.security.jgss java.transaction.xa java.sql java.sql.rowset java.xml.crypto java.se java.smartcardio jdk.accessibility jdk.internal.jvmstat jdk.attach jdk.charsets jdk.internal.opt jdk.zipfs jdk.compiler jdk.crypto.ec jdk.crypto.cryptoki jdk.crypto.mscapi jdk.dynalink jdk.internal.ed jdk.editpad jdk.hotspot.agent jdk.httpserver jdk.internal.le jdk.internal.vm.ci jdk.internal.vm.compiler jdk.internal.vm.compiler.management jdk.jartool jdk.javadoc jdk.jcmd jdk.management jdk.management.agent jdk.jconsole jdk.jdeps jdk.jdwp.agent jdk.jdi jdk.jfr jdk.jshell jdk.jsobject jdk.jstatd jdk.localedata jdk.management.jfr jdk.naming.dns jdk.naming.rmi jdk.net jdk.nio.mapmode jdk.random jdk.sctp jdk.security.auth jdk.security.jgss jdk.unsupported jdk.unsupported.desktop jdk.xml.dom" 

Environment Variables:
JAVA_HOME=D:\JDK21
PATH=E:\Python3.12\Scripts\;E:\Python3.12\;D:\JDK21\bin;C:\Program Files\Common Files\Oracle\Java\javapath;C:\Program Files (x86)\Common Files\Oracle\Java\java8path;C:\Program Files (x86)\Common Files\Oracle\Java\javapath;C:\WINDOWS\system32;C:\WINDOWS;C:\WINDOWS\System32\Wbem;C:\WINDOWS\System32\WindowsPowerShell\v1.0\;C:\WINDOWS\System32\OpenSSH\;E:\Pxampp\php;E:\Node\;C:\Program Files\NVIDIA Corporation\NVIDIA App\NvDLISR;C:\Program Files (x86)\NVIDIA Corporation\PhysX\Common;E:\apache-maven-3.9.11\bin;C:\Program Files\Git\cmd;E:\Postgres\bin;C:\Program Files (x86)\Microsoft SQL Server\160\DTS\Binn\;E:\mongo\mongosh-2.5.10-win32-x64\bin;C:\Program Files\MongoDB\Server\8.2\bin;C:\Program Files\dotnet\;D:\ZAVATRA_INSTALENA\apache-ant-1.10.15\bin;E:\wildfly-10.0.0.Final\bin;C:\ProgramData\Compos;C:\Program Files (x86)\WiX Toolset v3.14\bin;E:\Windsurf\_\bin;E:\mingw64\bin;E:\ffmpeg-master-latest-win64-lgpl\bin;C:\ProgramData\ComposerSetup\bin;C:\Program Files\Cloudflare\Cloudflare WARP\;C:\Users\odila\AppData\Local\Microsoft\WindowsApps;C:\Users\odila\AppData\Local\GitHubDesktop\bin;C:\Users\odila\AppData\Local\Programs\Microsoft VS Code\bin;E:\Windsurf\bin;C:\Users\odila\AppData\Roaming\npm;E:\IntelliJ IDEA 2025.2.5\bin;E:\Antigravity\bin;C:\Users\odila\AppData\Local\Python\bin;C:\Users\odila\AppData\Roaming\Composer\vendor\bin;C:\Users\odila\AppData\Local\Programs\nodejs\
USERNAME=odila
OS=Windows_NT
PROCESSOR_IDENTIFIER=AMD64 Family 25 Model 117 Stepping 2, AuthenticAMD
TMP=C:\Users\odila\AppData\Local\Temp
TEMP=C:\Users\odila\AppData\Local\Temp




Periodic native trim disabled

---------------  S Y S T E M  ---------------

OS:
 Windows 11 , 64 bit Build 26100 (10.0.26100.8246)
OS uptime: 1 days 22:50 hours
Hyper-V role detected

CPU: total 12 (initial active 12) (12 cores per cpu, 2 threads per core) family 25 model 117 stepping 2 microcode 0xa70520a, cx8, cmov, fxsr, ht, mmx, 3dnowpref, sse, sse2, sse3, ssse3, sse4a, sse4.1, sse4.2, popcnt, lzcnt, tsc, tscinvbit, avx, avx2, aes, erms, clmul, bmi1, bmi2, adx, avx512f, avx512dq, avx512cd, avx512bw, avx512vl, sha, fma, vzeroupper, avx512_vpopcntdq, avx512_vpclmulqdq, avx512_vaes, avx512_vnni, clflush, clflushopt, avx512_vbmi2, avx512_vbmi, hv, rdtscp, rdpid, fsrm, gfni, avx512_bitalg, f16c, cet_ss, avx512_ifma
Processor Information for the first 12 processors :
  Max Mhz: 4301, Current Mhz: 3430, Mhz Limit: 4301

Memory: 4k page, system-wide physical 15631M (865M free)
TotalPageFile size 39361M (AvailPageFile size 109M)
current process WorkingSet (physical memory assigned to process): 294M, peak: 294M
current process commit charge ("private bytes"): 381M, peak: 381M

vm_info: OpenJDK 64-Bit Server VM (21.0.10+7-LTS) for windows-amd64 JRE (21.0.10+7-LTS), built on 2026-01-20T00:00:00Z by "admin" with MS VC++ 17.12 (VS2022)

END.
